Type 'help;' or '\h' for help. Type '\c' to clear the current input statement.

mysql> DROP DATABASE IF EXISTS animals;
Query OK, 3 rows affected (0.05 sec)

mysql> create database animals;
Query OK, 1 row affected (0.00 sec)

mysql> create table hamster (
    -> name varchar(90) );
ERROR 1046 (3D000): No database selected
mysql> use animals;
Database changed
mysql> create table hamster ( name varchar(90) );
Query OK, 0 rows affected (0.03 sec)

mysql> create table giraffe (
    -> age int(13) );
Query OK, 0 rows affected (0.02 sec)

mysql> create table moose (
    -> name char(65) );
Query OK, 0 rows affected (0.03 sec)

